[L40 misspec f=Sigma] d    norm     : lam1 221.069 (null max 7.070, p 0.010) | split k1/3/5/10 0.97/0.88/0.88/0.74 (null max k3 0.07, p 0.010) (218s)
[L40 misspec f=Sigma] d    xnorm    : lam1 195.316 (null max 6.785, p 0.010) | split k1/3/5/10 0.95/0.82/0.83/0.65 (null max k3 0.08, p 0.010) (218s)
[L40 misspec f=Sigma] d    raw_trim5: lam1 203.933 (null max 11.035, p 0.010) | split k1/3/5/10 0.95/0.76/0.82/0.67 (null max k3 0.18, p 0.010) (218s)
[L40 misspec f=Sigma] PLANTED norm: lam1 247.305 vs null max 4.010 -> DETECTED; recovered 0.85
[L40 misspec f=Sigma] PLANTED xnorm: lam1 245.532 vs null max 3.974 -> DETECTED; recovered 0.85
[L40 misspec f=Sigma^-1] d    norm     : lam1 13.202 (null max 7.316, p 0.010) | split k1/3/5/10 0.02/0.08/0.13/0.18 (null max k3 0.01, p 0.010) (215s)
[L40 misspec f=Sigma^-1] d    xnorm    : lam1 13.000 (null max 7.224, p 0.010) | split k1/3/5/10 0.02/0.08/0.13/0.18 (null max k3 0.01, p 0.010) (215s)
[L40 misspec f=Sigma^-1] d    raw_trim5: lam1 14.113 (null max 8.313, p 0.010) | split k1/3/5/10 0.02/0.09/0.11/0.15 (null max k3 0.02, p 0.010) (215s)
[L40 misspec f=Sigma^-1] PLANTED norm: lam1 13.115 vs null max 7.271 -> DETECTED; recovered 0.01
[L40 misspec f=Sigma^-1] PLANTED xnorm: lam1 12.915 vs null max 7.180 -> DETECTED; recovered 0.01
[L40 misspec f=Sigma^-1/2] d    norm     : lam1 8.928 (null max 7.227, p 0.010) | split k1/3/5/10 0.01/0.05/0.05/0.06 (null max k3 0.01, p 0.010) (224s)
[L40 misspec f=Sigma^-1/2] d    xnorm    : lam1 8.803 (null max 7.090, p 0.010) | split k1/3/5/10 0.01/0.05/0.05/0.06 (null max k3 0.01, p 0.010) (224s)
[L40 misspec f=Sigma^-1/2] d    raw_trim5: lam1 9.886 (null max 8.406, p 0.010) | split k1/3/5/10 0.00/0.01/0.05/0.07 (null max k3 0.01, p 0.010) (224s)
[L40 misspec f=Sigma^-1/2] PLANTED norm: lam1 8.887 vs null max 7.117 -> DETECTED; recovered 0.01
[L40 misspec f=Sigma^-1/2] PLANTED xnorm: lam1 8.765 vs null max 6.985 -> DETECTED; recovered 0.01
[L52 misspec f=Sigma] d    norm     : lam1 121.946 (null max 7.161, p 0.010) | split k1/3/5/10 0.93/0.93/0.90/0.73 (null max k3 0.11, p 0.010) (228s)
[L52 misspec f=Sigma] d    xnorm    : lam1 99.747 (null max 6.839, p 0.010) | split k1/3/5/10 0.89/0.89/0.85/0.68 (null max k3 0.12, p 0.010) (228s)
[L52 misspec f=Sigma] d    raw_trim5: lam1 109.472 (null max 10.891, p 0.010) | split k1/3/5/10 0.87/0.85/0.87/0.70 (null max k3 0.26, p 0.010) (228s)
[L52 misspec f=Sigma] PLANTED norm: lam1 245.686 vs null max 3.991 -> DETECTED; recovered 0.86
[L52 misspec f=Sigma] PLANTED xnorm: lam1 243.999 vs null max 3.941 -> DETECTED; recovered 0.86
[L52 misspec f=Sigma^-1] d    norm     : lam1 16.437 (null max 7.500, p 0.010) | split k1/3/5/10 0.14/0.16/0.19/0.25 (null max k3 0.01, p 0.010) (227s)
[L52 misspec f=Sigma^-1] d    xnorm    : lam1 16.128 (null max 7.399, p 0.010) | split k1/3/5/10 0.14/0.16/0.19/0.24 (null max k3 0.01, p 0.010) (227s)
[L52 misspec f=Sigma^-1] d    raw_trim5: lam1 16.896 (null max 8.585, p 0.010) | split k1/3/5/10 0.15/0.14/0.18/0.23 (null max k3 0.01, p 0.010) (227s)
[L52 misspec f=Sigma^-1] PLANTED norm: lam1 16.358 vs null max 7.288 -> DETECTED; recovered 0.00
[L52 misspec f=Sigma^-1] PLANTED xnorm: lam1 16.050 vs null max 7.190 -> DETECTED; recovered 0.00
[L52 misspec f=Sigma^-1/2] d    norm     : lam1 8.907 (null max 7.168, p 0.010) | split k1/3/5/10 0.05/0.06/0.06/0.07 (null max k3 0.01, p 0.010) (224s)
[L52 misspec f=Sigma^-1/2] d    xnorm    : lam1 8.774 (null max 7.019, p 0.010) | split k1/3/5/10 0.05/0.06/0.06/0.07 (null max k3 0.01, p 0.010) (224s)
[L52 misspec f=Sigma^-1/2] d    raw_trim5: lam1 9.894 (null max 8.639, p 0.010) | split k1/3/5/10 0.00/0.03/0.04/0.06 (null max k3 0.01, p 0.010) (224s)
[L52 misspec f=Sigma^-1/2] PLANTED norm: lam1 8.876 vs null max 7.030 -> DETECTED; recovered 0.01
[L52 misspec f=Sigma^-1/2] PLANTED xnorm: lam1 8.741 vs null max 6.893 -> DETECTED; recovered 0.01
