/usr/local/lib/python3.12/dist-packages/huggingface_hub/constants.py:302: FutureWarning: The `HF_HUB_ENABLE_HF_TRANSFER` environment variable is deprecated as 'hf_transfer' is not used anymore. Please use `HF_XET_HIGH_PERFORMANCE` instead to enable high performance transfer with Xet. Visit https://huggingface.co/docs/huggingface_hub/package_reference/environment_variables#hfxethighperformance for more details.
  warnings.warn(
The fast path is not available because one of the required library is not installed. Falling back to torch implementation. To install follow https://github.com/fla-org/flash-linear-attention#installation and https://github.com/Dao-AILab/causal-conv1d
[v9] full: 96 fresh validation windows from 60 articles; layers [16, 40]; null=False plant=None (24s)
[v9] window 8/96 (158s, 16.8s/window, peak 53.5 GB)
[v9] window 16/96 (293s, 16.8s/window, peak 53.5 GB)
[v9] window 24/96 (428s, 16.8s/window, peak 53.5 GB)
[v9] window 32/96 (563s, 16.9s/window, peak 53.5 GB)
[v9] window 40/96 (700s, 16.9s/window, peak 53.5 GB)
[v9] window 48/96 (836s, 16.9s/window, peak 53.5 GB)
[v9] window 56/96 (972s, 16.9s/window, peak 53.5 GB)
[v9] window 64/96 (1108s, 16.9s/window, peak 53.5 GB)
[v9] window 72/96 (1244s, 16.9s/window, peak 53.5 GB)
[v9] window 80/96 (1380s, 17.0s/window, peak 53.5 GB)
[v9] window 88/96 (1517s, 17.0s/window, peak 53.5 GB)
[v9] time budget reached after 89 windows
[v9] L16 (n=89): I: T1 +1.766 CI [1.579, 1.95] T3 CI [0.824, 1.135] rank 1 | I_trunk: T1 +1.792 CI [1.603, 1.985] T3 CI [0.842, 1.176] rank 1 | floor 3.18e-05 vs twin |I| 1.58e-04 -> REAL9
[v9] L40 (n=89): I: T1 +0.930 CI [0.777, 1.098] T3 CI [0.236, 0.567] rank 1 | I_trunk: T1 +0.917 CI [0.749, 1.093] T3 CI [0.215, 0.564] rank 1 | floor 2.50e-05 vs twin |I| 2.48e-04 -> REAL9
[v9] VERDICT: EX carries excess within-span trunk pairwise interaction vs Sigma-orbit twins (v9)
[v9] DONE (1536s)
